AddToPlaylist O O O O O B-music_item O B-playlist I-playlist
